---
source: src/params/dftbplus.rs
expression: "Config::load(\"test_files/dftb.toml\")"
---
Config {
    job_limit: 10000,
    chunk_size: 128,
    sleep_int: 5,
    max_iter: 5,
    params: "/home/brent/Downloads/slako/mio/mio-1-1/H-H.skf\n/home/brent/Downloads/slako/mio/mio-1-1/H-O.skf\n",
    broyden: false,
    broyd_int: 10,
    optimize: Energy,
    reset_lambda: false,
    molecules: [
        Molecule {
            atom_names: [
                "C",
                "C",
                "C",
                "H",
                "H",
            ],
            charge: 0,
            geometry: Xyz(
                [
                    Atom {
                        atomic_number: 6,
                        x: 0.0,
                        y: 0.0,
                        z: -0.8887390447,
                        weight: None,
                    },
                    Atom {
                        atomic_number: 6,
                        x: 0.0,
                        y: -0.6627588746,
                        z: 0.3682596138,
                        weight: None,
                    },
                    Atom {
                        atomic_number: 6,
                        x: 0.0,
                        y: 0.6627588746,
                        z: 0.3682596138,
                        weight: None,
                    },
                    Atom {
                        atomic_number: 1,
                        x: 0.0,
                        y: -1.5952720351,
                        z: 0.9069548903,
                        weight: None,
                    },
                    Atom {
                        atomic_number: 1,
                        x: 0.0,
                        y: 1.5952720351,
                        z: 0.9069548903,
                        weight: None,
                    },
                ],
            ),
            coord_type: Normal(
                true,
            ),
            true_freqs: [
                3139.8,
                3108.7,
                1595.1,
                1275.8,
                1056.9,
                1007.9,
                876.8,
                876.5,
                772.7,
            ],
            irreps: [
                A1,
                B2,
                A1,
                A1,
                B2,
                A2,
                A1,
                B2,
                B1,
            ],
            template: Template {
                header: "Geometry = xyzFormat {\n    {{.geom}}\n}\n\nHamiltonian = DFTB {\n    Scc = Yes\n    SlaterKosterFiles = Type2FileNames {\n        Prefix = \"{{.prefix}}\"\n        Separator = \"-\"\n        Suffix = \".skf\"\n    }\n    MaxAngularMomentum {\n        C = \"p\"\n        H = \"s\"\n    }\n    Charge = {{.charge}}\n}\n\nOptions {\n}\n\nAnalysis {\n    CalculateForces = Yes\n}\n\nParserOptions {\n    ParserVersion = 12\n}\n\nDriver = GeometryOptimization {\n  Optimizer = Rational {}\n  MovedAtoms = 1:-1\n  MaxSteps = 500\n  OutputPrefix = \"geom.out\"\n  Convergence {\n    Energy = 1e-8\n    GradElem = 1e-8\n    GradNorm = 1e-8\n    DispElem = 1e-7\n    DispNorm = 1e-7\n  }\n}\n",
            },
        },
    ],
    queue: Slurm,
    mopac: None,
    delta: 0.0001,
    queue_template: None,
    sort_ascending: false,
    program: Mopac,
}
